// Jest Snapshot v1, https://goo.gl/fbAQLP

exports[`Article matches the snapshot 1`] = `
<DocumentFragment>
  <article
    class="mod-caja-nota lugares w-100-mobile"
  >
    <figure
      class="cont-figure"
    >
      <a
        class="figure"
        href="#"
      >
        <picture
          class="content-pic picture"
        >
          <img
            alt="Article headline"
            class="content-img"
            data-nimg="fill"
            decoding="async"
            sizes="
                  (max-width: 640px) 100vw,
                  (max-width: 768px) 50vw,
                  (max-width: 1024px) 33vw,
                  25vw
                "
            src="/_next/image?url=https%3A%2F%2Fvia.placeholder.com%2F800x400&w=3840&q=75"
            srcset="/_next/image?url=https%3A%2F%2Fvia.placeholder.com%2F800x400&w=256&q=75 256w, /_next/image?url=https%3A%2F%2Fvia.placeholder.com%2F800x400&w=384&q=75 384w, /_next/image?url=https%3A%2F%2Fvia.placeholder.com%2F800x400&w=640&q=75 640w, /_next/image?url=https%3A%2F%2Fvia.placeholder.com%2F800x400&w=750&q=75 750w, /_next/image?url=https%3A%2F%2Fvia.placeholder.com%2F800x400&w=828&q=75 828w, /_next/image?url=https%3A%2F%2Fvia.placeholder.com%2F800x400&w=1080&q=75 1080w, /_next/image?url=https%3A%2F%2Fvia.placeholder.com%2F800x400&w=1200&q=75 1200w, /_next/image?url=https%3A%2F%2Fvia.placeholder.com%2F800x400&w=1920&q=75 1920w, /_next/image?url=https%3A%2F%2Fvia.placeholder.com%2F800x400&w=2048&q=75 2048w, /_next/image?url=https%3A%2F%2Fvia.placeholder.com%2F800x400&w=3840&q=75 3840w"
            style="position: absolute; height: 100%; width: 100%; left: 0px; top: 0px; right: 0px; bottom: 0px; color: transparent;"
          />
        </picture>
      </a>
    </figure>
    <div
      class="mod-caja-nota__descrip"
    >
      <h2
        class="com-title-acu"
      >
        <a
          href="#"
        >
          <strong>
            Article headline
          </strong>
        </a>
      </h2>
      <p
        class="com-date"
      >
        4 de noviembre de 2024
      </p>
    </div>
  </article>
</DocumentFragment>
`;
