// Jest Snapshot v1, https://goo.gl/fbAQLP

exports[`Button matches the snapshot 1`] = `
<DocumentFragment>
  <button
    class="--btn --secondary"
    type="button"
  >
    Click me
  </button>
</DocumentFragment>
`;
