// Jest Snapshot v1, https://goo.gl/fbAQLP

exports[`Loader matches the snapshot 1`] = `
<DocumentFragment>
  <div
    class="loader"
    role="loader"
  >
    <div
      class="outer"
    />
    <div
      class="middle"
    />
    <div
      class="inner"
    />
  </div>
</DocumentFragment>
`;
